[     116ms] [INFO] %cDownload the React DevTools for a better development experience: https://react.dev/link/react-devtools font-weight:bold @ http://localhost:3000/_next/static/chunks/0c0n_next_dist_1z60tuk._.js:2477
[     123ms] [LOG] [HMR] connected @ http://localhost:3000/_next/static/chunks/0c0n_next_dist_1z60tuk._.js:2477
[   66934ms] [LOG] [Fast Refresh] rebuilding @ http://localhost:3000/_next/static/chunks/0c0n_next_dist_1z60tuk._.js:2477
[   66981ms] [LOG] [Fast Refresh] done in 59ms @ http://localhost:3000/_next/static/chunks/0c0n_next_dist_1z60tuk._.js:2477
[   66999ms] [ERROR] Cannot specify a encType or method for a form that specifies a function as the action. React provides those automatically. They will get overridden. @ http://localhost:3000/_next/static/chunks/0c0n_next_dist_1z60tuk._.js:3318
[  170712ms] [LOG] [Fast Refresh] rebuilding @ http://localhost:3000/_next/static/chunks/0c0n_next_dist_1z60tuk._.js:2477
[  170786ms] [LOG] [Fast Refresh] done in 175ms @ http://localhost:3000/_next/static/chunks/0c0n_next_dist_1z60tuk._.js:2477
[  171382ms] [LOG] [Fast Refresh] rebuilding @ http://localhost:3000/_next/static/chunks/0c0n_next_dist_1z60tuk._.js:2477
[  171389ms] [LOG] [Fast Refresh] done in 108ms @ http://localhost:3000/_next/static/chunks/0c0n_next_dist_1z60tuk._.js:2477
[  171520ms] [LOG] [Fast Refresh] rebuilding @ http://localhost:3000/_next/static/chunks/0c0n_next_dist_1z60tuk._.js:2477
[  171695ms] [LOG] [Fast Refresh] done in 275ms @ http://localhost:3000/_next/static/chunks/0c0n_next_dist_1z60tuk._.js:2477
[  176142ms] [LOG] [Fast Refresh] rebuilding @ http://localhost:3000/_next/static/chunks/0c0n_next_dist_1z60tuk._.js:2477
[  176171ms] [LOG] [Fast Refresh] done in 130ms @ http://localhost:3000/_next/static/chunks/0c0n_next_dist_1z60tuk._.js:2477
[  192668ms] [LOG] [Fast Refresh] rebuilding @ http://localhost:3000/_next/static/chunks/0c0n_next_dist_1z60tuk._.js:2477
[  192680ms] [LOG] [Fast Refresh] done in 113ms @ http://localhost:3000/_next/static/chunks/0c0n_next_dist_1z60tuk._.js:2477
[  192819ms] [LOG] [Fast Refresh] rebuilding @ http://localhost:3000/_next/static/chunks/0c0n_next_dist_1z60tuk._.js:2477
[  192890ms] [LOG] [Fast Refresh] done in 172ms @ http://localhost:3000/_next/static/chunks/0c0n_next_dist_1z60tuk._.js:2477
[  206753ms] [LOG] [Fast Refresh] rebuilding @ http://localhost:3000/_next/static/chunks/0c0n_next_dist_1z60tuk._.js:2477
[  206760ms] [LOG] [Fast Refresh] done in 108ms @ http://localhost:3000/_next/static/chunks/0c0n_next_dist_1z60tuk._.js:2477
[  232025ms] [LOG] [Fast Refresh] rebuilding @ http://localhost:3000/_next/static/chunks/0c0n_next_dist_1z60tuk._.js:2477
[  232093ms] [LOG] [Fast Refresh] done in 169ms @ http://localhost:3000/_next/static/chunks/0c0n_next_dist_1z60tuk._.js:2477
[  233267ms] [LOG] [Fast Refresh] rebuilding @ http://localhost:3000/_next/static/chunks/0c0n_next_dist_1z60tuk._.js:2477
[  233272ms] [LOG] [Fast Refresh] done in 107ms @ http://localhost:3000/_next/static/chunks/0c0n_next_dist_1z60tuk._.js:2477
[  235910ms] [LOG] [Fast Refresh] rebuilding @ http://localhost:3000/_next/static/chunks/0c0n_next_dist_1z60tuk._.js:2477
[  235931ms] [LOG] [Fast Refresh] done in 122ms @ http://localhost:3000/_next/static/chunks/0c0n_next_dist_1z60tuk._.js:2477
[  239387ms] [LOG] [Fast Refresh] rebuilding @ http://localhost:3000/_next/static/chunks/0c0n_next_dist_1z60tuk._.js:2477
[  239454ms] [LOG] [Fast Refresh] done in 169ms @ http://localhost:3000/_next/static/chunks/0c0n_next_dist_1z60tuk._.js:2477
[  266752ms] [LOG] [Fast Refresh] rebuilding @ http://localhost:3000/_next/static/chunks/0c0n_next_dist_1z60tuk._.js:2477
[  266793ms] [LOG] [Fast Refresh] done in 142ms @ http://localhost:3000/_next/static/chunks/0c0n_next_dist_1z60tuk._.js:2477
[  274710ms] [LOG] [Fast Refresh] rebuilding @ http://localhost:3000/_next/static/chunks/0c0n_next_dist_1z60tuk._.js:2477
[  274768ms] [LOG] [Fast Refresh] done in 159ms @ http://localhost:3000/_next/static/chunks/0c0n_next_dist_1z60tuk._.js:2477
[  281118ms] [LOG] [Fast Refresh] rebuilding @ http://localhost:3000/_next/static/chunks/0c0n_next_dist_1z60tuk._.js:2477
[  281124ms] [LOG] [Fast Refresh] done in 107ms @ http://localhost:3000/_next/static/chunks/0c0n_next_dist_1z60tuk._.js:2477
[  301181ms] [LOG] [Fast Refresh] rebuilding @ http://localhost:3000/_next/static/chunks/0c0n_next_dist_1z60tuk._.js:2477
[  301322ms] [LOG] [Fast Refresh] done in 168ms @ http://localhost:3000/_next/static/chunks/0c0n_next_dist_1z60tuk._.js:2477
[  301831ms] [LOG] [Fast Refresh] rebuilding @ http://localhost:3000/_next/static/chunks/0c0n_next_dist_1z60tuk._.js:2477
[  302200ms] [LOG] [Fast Refresh] done in 469ms @ http://localhost:3000/_next/static/chunks/0c0n_next_dist_1z60tuk._.js:2477
[  314686ms] [LOG] [Fast Refresh] rebuilding @ http://localhost:3000/_next/static/chunks/0c0n_next_dist_1z60tuk._.js:2477
[  315831ms] [LOG] [Fast Refresh] done in 597ms @ http://localhost:3000/_next/static/chunks/0c0n_next_dist_1z60tuk._.js:2477
[  316465ms] [LOG] [Fast Refresh] rebuilding @ http://localhost:3000/_next/static/chunks/0c0n_next_dist_1z60tuk._.js:2477
[  316476ms] [LOG] [Fast Refresh] done in 112ms @ http://localhost:3000/_next/static/chunks/0c0n_next_dist_1z60tuk._.js:2477
[  316636ms] [LOG] [Fast Refresh] rebuilding @ http://localhost:3000/_next/static/chunks/0c0n_next_dist_1z60tuk._.js:2477
[  317094ms] [LOG] [Fast Refresh] done in 558ms @ http://localhost:3000/_next/static/chunks/0c0n_next_dist_1z60tuk._.js:2477
[  317341ms] [LOG] [Fast Refresh] rebuilding @ http://localhost:3000/_next/static/chunks/0c0n_next_dist_1z60tuk._.js:2477
[  318560ms] [LOG] [Fast Refresh] done in 1320ms @ http://localhost:3000/_next/static/chunks/0c0n_next_dist_1z60tuk._.js:2477
[  318727ms] [LOG] [Fast Refresh] rebuilding @ http://localhost:3000/_next/static/chunks/0c0n_next_dist_1z60tuk._.js:2477
[  318811ms] [LOG] [Fast Refresh] done in 185ms @ http://localhost:3000/_next/static/chunks/0c0n_next_dist_1z60tuk._.js:2477
[  318911ms] [LOG] [Fast Refresh] rebuilding @ http://localhost:3000/_next/static/chunks/0c0n_next_dist_1z60tuk._.js:2477
[  319364ms] [LOG] [Fast Refresh] done in 553ms @ http://localhost:3000/_next/static/chunks/0c0n_next_dist_1z60tuk._.js:2477
[  339472ms] [LOG] [Fast Refresh] rebuilding @ http://localhost:3000/_next/static/chunks/0c0n_next_dist_1z60tuk._.js:2477
[  339747ms] [LOG] [Fast Refresh] done in 263ms @ http://localhost:3000/_next/static/chunks/0c0n_next_dist_1z60tuk._.js:2477
[  340572ms] [LOG] [Fast Refresh] rebuilding @ http://localhost:3000/_next/static/chunks/0c0n_next_dist_1z60tuk._.js:2477
[  340645ms] [LOG] [Fast Refresh] done in 173ms @ http://localhost:3000/_next/static/chunks/0c0n_next_dist_1z60tuk._.js:2477
[  340748ms] [LOG] [Fast Refresh] rebuilding @ http://localhost:3000/_next/static/chunks/0c0n_next_dist_1z60tuk._.js:2477
[  340816ms] [LOG] [Fast Refresh] done in 170ms @ http://localhost:3000/_next/static/chunks/0c0n_next_dist_1z60tuk._.js:2477
[  353887ms] [LOG] [Fast Refresh] rebuilding @ http://localhost:3000/_next/static/chunks/0c0n_next_dist_1z60tuk._.js:2477
[  353898ms] [LOG] [Fast Refresh] done in 113ms @ http://localhost:3000/_next/static/chunks/0c0n_next_dist_1z60tuk._.js:2477
