[     407ms] [INFO] %cDownload the React DevTools for a better development experience: https://react.dev/link/react-devtools font-weight:bold @ http://localhost:3000/_next/static/chunks/0c0n_next_dist_1z60tuk._.js:2477
[     441ms] [LOG] [HMR] connected @ http://localhost:3000/_next/static/chunks/0c0n_next_dist_1z60tuk._.js:2477
[     475ms] [ERROR] Failed to load resource: the server responded with a status of 404 (Not Found) @ http://localhost:3000/favicon.ico:0
[     565ms] [LOG] [Fast Refresh] rebuilding @ http://localhost:3000/_next/static/chunks/0c0n_next_dist_1z60tuk._.js:2477
[     603ms] [LOG] [Fast Refresh] done in 140ms @ http://localhost:3000/_next/static/chunks/0c0n_next_dist_1z60tuk._.js:2477
[   17682ms] [LOG] [Fast Refresh] rebuilding @ http://localhost:3000/_next/static/chunks/0c0n_next_dist_1z60tuk._.js:2477
[   19950ms] [LOG] [Fast Refresh] done in 1931ms @ http://localhost:3000/_next/static/chunks/0c0n_next_dist_1z60tuk._.js:2477
[   21007ms] [LOG] [Fast Refresh] rebuilding @ http://localhost:3000/_next/static/chunks/0c0n_next_dist_1z60tuk._.js:2477
[   21007ms] [LOG] [Fast Refresh] done in 0ms @ http://localhost:3000/_next/static/chunks/0c0n_next_dist_1z60tuk._.js:2477
[   21321ms] [LOG] [Fast Refresh] rebuilding @ http://localhost:3000/_next/static/chunks/0c0n_next_dist_1z60tuk._.js:2477
[   21471ms] [LOG] [Fast Refresh] done in 251ms @ http://localhost:3000/_next/static/chunks/0c0n_next_dist_1z60tuk._.js:2477
[   21588ms] [LOG] [Fast Refresh] rebuilding @ http://localhost:3000/_next/static/chunks/0c0n_next_dist_1z60tuk._.js:2477
[   22247ms] [LOG] [Fast Refresh] done in 761ms @ http://localhost:3000/_next/static/chunks/0c0n_next_dist_1z60tuk._.js:2477
[   22353ms] [LOG] [Fast Refresh] rebuilding @ http://localhost:3000/_next/static/chunks/0c0n_next_dist_1z60tuk._.js:2477
[   22424ms] [LOG] [Fast Refresh] done in 172ms @ http://localhost:3000/_next/static/chunks/0c0n_next_dist_1z60tuk._.js:2477
[   23098ms] [LOG] [Fast Refresh] rebuilding @ http://localhost:3000/_next/static/chunks/0c0n_next_dist_1z60tuk._.js:2477
[   23127ms] [LOG] [Fast Refresh] done in 129ms @ http://localhost:3000/_next/static/chunks/0c0n_next_dist_1z60tuk._.js:2477
[   23562ms] [LOG] [Fast Refresh] rebuilding @ http://localhost:3000/_next/static/chunks/0c0n_next_dist_1z60tuk._.js:2477
[   23570ms] [LOG] [Fast Refresh] done in 108ms @ http://localhost:3000/_next/static/chunks/0c0n_next_dist_1z60tuk._.js:2477
[   23723ms] [LOG] [Fast Refresh] rebuilding @ http://localhost:3000/_next/static/chunks/0c0n_next_dist_1z60tuk._.js:2477
[   23948ms] [LOG] [Fast Refresh] done in 325ms @ http://localhost:3000/_next/static/chunks/0c0n_next_dist_1z60tuk._.js:2477
[   24117ms] [LOG] [Fast Refresh] rebuilding @ http://localhost:3000/_next/static/chunks/0c0n_next_dist_1z60tuk._.js:2477
[   24213ms] [LOG] [Fast Refresh] done in 195ms @ http://localhost:3000/_next/static/chunks/0c0n_next_dist_1z60tuk._.js:2477
[   24928ms] [LOG] [Fast Refresh] rebuilding @ http://localhost:3000/_next/static/chunks/0c0n_next_dist_1z60tuk._.js:2477
[   24947ms] [LOG] [Fast Refresh] done in 120ms @ http://localhost:3000/_next/static/chunks/0c0n_next_dist_1z60tuk._.js:2477
[   25684ms] [LOG] [Fast Refresh] rebuilding @ http://localhost:3000/_next/static/chunks/0c0n_next_dist_1z60tuk._.js:2477
[   25700ms] [LOG] [Fast Refresh] done in 117ms @ http://localhost:3000/_next/static/chunks/0c0n_next_dist_1z60tuk._.js:2477
[   33556ms] [LOG] [Fast Refresh] rebuilding @ http://localhost:3000/_next/static/chunks/0c0n_next_dist_1z60tuk._.js:2477
[   33661ms] [LOG] [Fast Refresh] done in 206ms @ http://localhost:3000/_next/static/chunks/0c0n_next_dist_1z60tuk._.js:2477
[   34562ms] [LOG] [Fast Refresh] rebuilding @ http://localhost:3000/_next/static/chunks/0c0n_next_dist_1z60tuk._.js:2477
[   34589ms] [LOG] [Fast Refresh] done in 130ms @ http://localhost:3000/_next/static/chunks/0c0n_next_dist_1z60tuk._.js:2477
